// Jest Snapshot v1, https://goo.gl/fbAQLP

exports[`render test 1`] = `
<div
  className="flex justify-center"
>
  <div
    className="bg-white p-4 rounded-md"
  >
    <a
      href="/"
      onClick={[Function]}
    >
      <img
        alt="back-arrow"
        className="w-10 cursor-pointer"
        src="arrow-back.svg"
      />
    </a>
    <div
      className="flex items-center flex-wrap gap-9 mt-5"
    >
      <img
        alt="icond"
        className="rounded-full max-w-44"
        src="https://img.elo7.com.br/product/zoom/3FFF8A3/matriz-de-bordado-pica-pau-matriz-picapau.jpg"
      />
      <div>
        <div
          className="text-4xl"
        >
          Pica pau
        </div>
        <div
          className="flex items-center gap-1"
        >
          <div
            className="rounded-full bg-green-600 w-3 h-3"
          />
          <div>
            Alive
             - 
            Picidae
          </div>
        </div>
      </div>
    </div>
    <div
      className="mt-4"
    >
      <span
        className="font-semibold"
      >
        Nome de origem: 
      </span>
      <span>
        Campephilus melanoleucos
      </span>
    </div>
    <div
      className="mt-2"
    >
      <span
        className="font-semibold"
      >
        Genero: 
      </span>
      <span>
        Male
      </span>
    </div>
    <div
      className="mt-2"
    >
      <span
        className="font-semibold"
      >
        Localização: 
      </span>
      <span>
        Mundo todo
      </span>
    </div>
    <div
      className="mt-2"
    >
      <span
        className="font-semibold"
      >
        Type: 
      </span>
      <span>
        Ave
      </span>
    </div>
  </div>
</div>
`;
